{
  "status": "PASS",
  "assertions": 21315,
  "proof_sha256": "518c1eb8a623acb0268873cd8579643b60b13dd4d98d37f22f2bfe233911ddc8",
  "posterior_fixtures": [
    {
      "A": 1.0,
      "n": 2,
      "mean": -0.0002823446029664696,
      "min_cov": 0.0011222097211012424
    },
    {
      "A": 1.0,
      "n": 3,
      "mean": 0.00014057333145502625,
      "min_cov": 0.0008826245024578117
    },
    {
      "A": 1.0,
      "n": 5,
      "mean": -7.487914219583139e-05,
      "min_cov": 0.0007278760295049197
    },
    {
      "A": 0.2,
      "n": 2,
      "mean": -3.759831885941018e-05,
      "min_cov": 0.0023799971887552523
    },
    {
      "A": 0.2,
      "n": 3,
      "mean": -6.50241925304278e-05,
      "min_cov": 0.002009103372548395
    },
    {
      "A": 0.2,
      "n": 5,
      "mean": 6.036268544576663e-06,
      "min_cov": 0.0017449571162341136
    },
    {
      "A": 0.02,
      "n": 2,
      "mean": 1.1088506869901499e-05,
      "min_cov": 0.0028444229493565956
    },
    {
      "A": 0.02,
      "n": 3,
      "mean": -7.418595297806373e-06,
      "min_cov": 0.0024353935703629427
    },
    {
      "A": 0.02,
      "n": 5,
      "mean": -1.5855716575121478e-06,
      "min_cov": 0.0021415258506065496
    },
    {
      "A": 0.002,
      "n": 2,
      "mean": 1.1240076391349671e-06,
      "min_cov": 0.0028964146497727633
    },
    {
      "A": 0.002,
      "n": 3,
      "mean": -7.519075147951496e-07,
      "min_cov": 0.0024832404539623944
    },
    {
      "A": 0.002,
      "n": 5,
      "mean": -1.540253453219924e-07,
      "min_cov": 0.0021862351548636244
    }
  ],
  "conditional_projection_fixtures": [
    {
      "A": 0.1,
      "conditional_variance": 1.0838136507796567e-11,
      "walsh_projection": 1.0838136504836855e-11,
      "normalized_variance": 4.682074971368116e-07
    },
    {
      "A": 0.01,
      "conditional_variance": 1.287852159776938e-13,
      "walsh_projection": 1.2878521597733942e-13,
      "normalized_variance": 5.563521330236372e-07
    }
  ],
  "noncommuting_commutator_frobenius": 0.003977475644174334,
  "scope": "Finite formula checks only; information lower bound is proved in the note."
}
