{
  "source_sha256": "728e26f5c7de342c6cd9b4d10e8dde6e6514ee33afea20759649d2d75a90c65f",
  "case_count": 20,
  "notes": "Deterministic floating-point diagnostics. Analytic proof, not this finite grid, establishes the theorem. Gaussian error quadratures truncate at absolute z=16.",
  "max_normalization_error": 4.440892098500626e-16,
  "max_expectation_error": 1.1102230246251565e-15,
  "global_diagnostic_ratio_range": [
    0.7599696538510503,
    1.2400303461489495
  ],
  "retention_counterexample": {
    "R": 2.0,
    "epsilon": 0.1,
    "unretained_profile_error": 0.0,
    "conditional_mean_given_X1_positive": 0.07385358700508894,
    "conditional_W2_lower_bound": 0.07385358700508894
  },
  "shared_ancestor_counterexample": {
    "epsilon": 0.1,
    "EX": 0.0,
    "expected_product_with_shared_sign": 0.010000000000000002,
    "required_product_of_means": 0.0
  }
}
